// Jest Snapshot v1, https://goo.gl/fbAQLP

exports[`<App /> should render and match the snapshot 1`] = `
<styled.div>
  <Helmet
    defaultTitle="Smarkets events"
    defer={true}
    encodeSpecialCharacters={true}
    titleTemplate="%s - Smarkets events"
  >
    <meta
      content="An applications showing smarkets events"
      name="description"
    />
  </Helmet>
  <Switch>
    <Route
      component={[Function]}
      exact={true}
      path="/"
    />
    <Route
      component={[Function]}
    />
  </Switch>
  <Memo(l) />
</styled.div>
`;
