// Jest Snapshot v1, https://goo.gl/fbAQLP

exports[`getEvents Saga should call the eventsError action if the response errors 1`] = `
Object {
  "@@redux-saga/IO": true,
  "combinator": false,
  "payload": Object {
    "args": Array [
      "/v3/events/?state=upcoming&type=football",
    ],
    "context": null,
    "fn": [Function],
  },
  "type": "CALL",
}
`;

exports[`getEvents Saga should dispatch the eventsFetched action if it requests the data successfully 1`] = `
Object {
  "@@redux-saga/IO": true,
  "combinator": false,
  "payload": Object {
    "args": Array [
      "/v3/events/?state=upcoming&type=football",
    ],
    "context": null,
    "fn": [Function],
  },
  "type": "CALL",
}
`;
